// Jest Snapshot v1, https://goo.gl/fbAQLP

exports[`NotFound.vue snapshot testing 1`] = `
<div
  class="wscn-http404-container"
>
  <div
    class="wscn-http404"
  >
    <div
      class="pic-404"
    >
      <img
        alt="404"
        class="pic-404__parent"
        src="@/assets/404-images/404.png"
      />
       
      <img
        alt="404"
        class="pic-404__child left"
        src="@/assets/404-images/404-cloud.png"
      />
       
      <img
        alt="404"
        class="pic-404__child mid"
        src="@/assets/404-images/404-cloud.png"
      />
       
      <img
        alt="404"
        class="pic-404__child right"
        src="@/assets/404-images/404-cloud.png"
      />
    </div>
     
    <div
      class="text-404"
    >
      <div
        class="text-404__oops"
      >
        
        OOPS!
      
      </div>
       
      <div
        class="text-404__info"
      >
        
        All rights reserved
        
        <a
          href="https://wallstreetcn.com"
          style="color: rgb(32, 160, 255);"
          target="_blank"
        >
          wallstreetcn
        </a>
      </div>
       
      <div
        class="text-404__headline"
      >
        
        404 Page Not Found
      
      </div>
       
      <div
        class="text-404__info"
      >
        
        Please check that the URL you entered is correct, or click the button
        below to return to the homepage.
      
      </div>
       
      <a
        class="text-404__return-home"
        href=""
      >
        Back to home
      </a>
    </div>
  </div>
</div>
`;
